Starting Dynare (version 6.5).
Calling Dynare with arguments: none
Starting preprocessing of the model file ...
Found 5 equation(s).
Evaluating expressions...
Computing static model derivatives (order 1).
Normalizing the static model...
Finding the optimal block decomposition of the static model...
3 block(s) found:
  2 recursive block(s) and 1 simultaneous block(s).
  the largest simultaneous block has 3 equation(s)
                                 and 3 feedback variable(s).
Computing dynamic model derivatives (order 2).
Normalizing the dynamic model...
Finding the optimal block decomposition of the dynamic model...
2 block(s) found:
  1 recursive block(s) and 1 simultaneous block(s).
  the largest simultaneous block has 3 equation(s)
                                 and 2 feedback variable(s).
Preprocessing completed.
Preprocessing time: 0h00m00s.

STEADY-STATE RESULTS:

pi 		 0
y  		 0
i  		 0
rn 		 0
u  		 0


Residuals of the static equations:
Equation number 1: pi :       0.000000
Equation number 2: y  :       0.000000
Equation number 3: i  :       0.000000
Equation number 4: rn :       0.000000
Equation number 5: u  :       0.000000



MODEL SUMMARY

  Number of variables:         5
  Number of stochastic shocks: 2
  Number of state variables:   2
  Number of jumpers:           2
  Number of static variables:  1


MATRIX OF COVARIANCE OF EXOGENOUS SHOCKS
Variables         e_r       e_u
e_r          0.000100  0.000000
e_u          0.000000  0.000006

POLICY AND TRANSITION FUNCTIONS
                                  pi               y               i              rn               u
rn(-1)                      0.170057        0.145382        1.038513        0.900000               0
u(-1)                      -0.062692       -0.248310        0.092809               0        0.500000
e_r                         0.188952        0.161535        1.153903        1.000000               0
e_u                        -0.125384       -0.496620        0.185618               0        1.000000


THEORETICAL MOMENTS
VARIABLE         MEAN  STD. DEV.   VARIANCE
pi             0.0000     0.0043     0.0000
y              0.0000     0.0040     0.0000
i              0.0000     0.0265     0.0007
rn             0.0000     0.0229     0.0005
u              0.0000     0.0029     0.0000



VARIANCE DECOMPOSITION (in percent)
         e_r     e_u
pi     99.31    0.69
y      86.98   13.02
i      99.96    0.04
rn    100.00    0.00
u       0.00  100.00



MATRIX OF CORRELATIONS
Variables         pi        y        i       rn        u
pi            1.0000   0.9594   0.9946   0.9965  -0.0832
y             0.9594   1.0000   0.9252   0.9326  -0.3608
i             0.9946   0.9252   1.0000   0.9998   0.0202
rn            0.9965   0.9326   0.9998   1.0000   0.0000
u            -0.0832  -0.3608   0.0202   0.0000   1.0000



COEFFICIENTS OF AUTOCORRELATION
Order          1       2       3       4       5
pi        0.8972  0.8061  0.7248  0.6520  0.5866
y         0.8479  0.7371  0.6504  0.5788  0.5177
i         0.8998  0.8098  0.7288  0.6559  0.5903
rn        0.9000  0.8100  0.7290  0.6561  0.5905
u         0.5000  0.2500  0.1250  0.0625  0.0312
Total computing time : 0h00m04s
